// Jest Snapshot v1, https://goo.gl/fbAQLP

exports[`Cart checkout() should return an object with the total and the list of items 1`] = `
{
  "items": [
    {
      "product": {
        "price": 35388,
        "title": "Airpods Pro",
      },
      "quantity": 2,
    },
    {
      "product": {
        "price": 98745,
        "title": "Airpods Max",
      },
      "quantity": 3,
    },
  ],
  "total": 367011,
}
`;

exports[`Cart summary() should return an object with the total and the list of items when is called 1`] = `
{
  "items": [
    {
      "product": {
        "price": 35388,
        "title": "Airpods Pro",
      },
      "quantity": 2,
    },
    {
      "product": {
        "price": 98745,
        "title": "Airpods Max",
      },
      "quantity": 3,
    },
  ],
  "total": 367011,
}
`;
